sent TASK_SUSPEND, waiting for heartbeat timeout + IWDG reset...
PROC] processing tick
Hello FreeRTOS
[ACQ] vTaskDelayUntil tick_before=33674 elapsed=11
Hello FreeRTOS
[ACQ] vTaskDelayUntil tick_before=34174 elapsed=11
[PROC] processing tick
Hello FreeRTOS
[ACQ] vTaskDelayUntil tick_before=34674 elapsed=11
[PROC] processing tick
Hello FreeRTOS
[MON] stack_hwm acq=376 proc=198 mon=366 (words)
[MON] heap free=6296 min_ever=6296 (bytes)
[ACQ] vTaskDelayUntil tick_before=35174 elapsed=11
Hello FreeRTOS
[ACQ] vTaskDelayUntil tick_before=35674 elapsed=11
[PROC] processing tick
Hello FreeRTOS
[ACQ] vTaskDelayUntil tick_before=36174 elapsed=11
[PROC] processing tick
Hello FreeRTOS
[ACQ] vTaskDelayUntil tick_before=36674 elapsed=11
Hello FreeRTOS
[ACQ] vTaskDelayUntil tick_before=37174 elapsed=11
[PROC] processing tick
Hello FreeRTOS
[ACQ] vTaskDelayUntil tick_before=37674 elapsed=11
[PROC] processing tick
Hello FreeRTOS
[MON] stack_hwm acq=376 proc=198 mon=366 (words)
[MON] heap free=6296 min_ever=6296 (bytes)
[ACQ] vTaskDelayUntil tick_before=38174 elapsed=11
Hello FreeRTOS
[ACQ] vTaskDelayUntil tick_before=38674 elapsed=11
[PROC] processing tick
Hello FreeRTOS
[ACQ] vTaskDelayUntil tick_before=39174 elapsed=11
[PROC] processing tick
Hello FreeRTOS
[ACQ] vTaskDelayUntil tick_before=39674 elapsed=11
Hello FreeRTOS
[ACQ] vTaskDelayUntil tick_before=40174 elapsed=11
[PROC] processing tick
Hello FreeRTOS
[ACQ] vTaskDelayUntil tick_before=40674 elapsed=11
Hello FreeRTOS
[PROC] processing tick
[MON] stack_hwm acq=376 proc=198 mon=366 (words)
[ACQ] vTaskDelayUntil tick_before=Hello FreeRTOS
[ACQ] vTaskDelayUntil tick_before=90674 elapsed=13
[FI] TASK_SUSPEND: suspending ACQ externally
Hello FreeRTOS
[PROC] processing tick
Hello FreeRTOS
[PROC] processing tick
Hello FreeRTOS
[MON] stack_hwm acq=370 proc=198 mon=366 (words)
[MON] heap free=6296 min_ever=6296 (bytes)
Hello FreeRTOS
[HM] FAULT latched task id=0 elapsed=1995ms timeout=1500ms
[HM] fault active - stopping IWDG feed, reset imminent
[PROC] processing tick
Hello FreeRTOS
[PROC] processing tick
Hello FreeRTOS
Hello FreeRTOS
[PROC] processing tick
Hello FreeRTOS
[BOOT] reset cause: PIN reset (button) ==============================>
[BOOT] reset cause: IWDG watchdog  ==============================>
[BOOT] WdgRecord v2 src=0 task_id=0 latch_tick=92691 feed_stop_tick=92691
[BOOT] WdgRecord rx_fail=0 rx_err=0x0 boot_count=3 iwdg_timeout~3000ms(2040-5650ms range)
[SYS] SystemCoreClock=84000000
Hello FreeRTOS
[HM] registered task id=0 timeout=1500ms
[HM] registered task id=1 timeout=2250ms
[HM] HealthMonitor started (IWDG feed owner)
[ACQ] task started
[ACQ] vTaskDelay  tick_before=14 elapsed=12
[PROC] task started
[FI] FaultInjector started
[FI] RX mode: DMA + IDLE
[FI] st=0 errcode=0x0 RxState=0x22 hdmarx=0x20000384 NDTR=64
[PROC] processing tick
[MON] task started
Hello FreeRTOS
[ACQ] vTaskDelay  tick_before=530 elapsed=11
[PROC] processing tick
Hello FreeRTOS
[ACQ] vTaskDelay  tick_before=1046 elapsed=11
Hello FreeRTOS
[ACQ] vTaskDelay  tick_before=1562 elapsed=11
[PROC] processing tick
Hello FreeRTOS
[MON] stack_hwm acq=376 proc=202 mon=423 (words)
[MON] heap free=6296 min_ever=6296 (bytes)
[ACQ] vTaskDelay  tick_before=2078 elapsed=11
[PROC] processing tick
Hello FreeRTOS
[ACQ] vTaskDelay  tick_before=2594 elapsed=11
Hello FreeRTOS
[PROC] processing tick
[ACQ] vTaskDelay  tick_before=3110 elapsed=11
Hello FreeRTOS
[ACQ] vTaskDelay  tick_before=3626 elapsed=11
[PROC] processing tick
Hello FreeRTOS
[ACQ] vTaskDelay  tick_before=4142 elapsed=11
Hello FreeRTOS
[PROC] processing tick
[ACQ] vTaskDelay  tick_before=4658 elapsed=11

